---
source: sudo-compliance-tests/src/sudo/misc.rs
expression: stderr
---
sudo: you do not exist in the passwd database
