---
source: sudo-compliance-tests/src/sudo/flag_list/long_format/mod.rs
expression: stdout
---
User root may run the following commands on container:

Sudoers entry:
    RunAsUsers: root
    Cwd: *
    Commands:
	/usr/bin/true

Sudoers entry:
    RunAsUsers: root
    Cwd: /home
    Commands:
	/usr/bin/false
