---
source: sudo-compliance-tests/src/sudo/flag_list/long_format/mod.rs
expression: stdout
---
User root may run the following commands on container:

Sudoers entry:
    RunAsUsers: #0
    Commands:
	ALL
