---
source: sudo-compliance-tests/src/sudo/flag_login.rs
expression: stderr
---
sudo: unable to execute /tmp/my-shell: Permission denied
