---
source: sudo-compliance-tests/src/sudo/sudoers/cmnd.rs
expression: stderr
---
Sorry, user root is not allowed to execute '/usr/bin/true' as root on [host].
