---
source: sudo-compliance-tests/src/sudo/path_search.rs
expression: stderr
---
sudo: my-script: command not found
