---
source: sudo-compliance-tests/src/sudo/flag_user.rs
expression: stderr
---
sudo: unknown user #1234
