---
source: sudo-compliance-tests/src/sudo/sudoers/cmnd_alias.rs
expression: stderr
---
/etc/sudoers:1:24: expected a fully-qualified path name
Cmnd_Alias CMDSGROUP = true, /usr/bin/ls
                       ^~~~
Sorry, user root is not allowed to execute '/usr/bin/true' as root on [host].
