---
source: sudo-compliance-tests/src/sudo/sudoers/secure_path.rs
expression: stderr
---
sudo: true: command not found
