---
source: sudo-compliance-tests/src/sudo/sudoers/host_alias.rs
expression: stderr
---
root is not allowed to run sudo on mail.
