---
source: sudo-compliance-tests/src/sudo/sudoers/host_list.rs
expression: stderr
---
root is not allowed to run sudo on container.
