---
source: sudo-compliance-tests/src/sudo/cli.rs
expression: stderr
---
sudo: -u: command not found
