---
source: sudo-compliance-tests/src/sudo/sudoers/run_as.rs
expression: stderr
---
Sorry, user root is not allowed to execute '/usr/bin/true' as ghost on [host].
