---
source: sudo-compliance-tests/src/sudo/sudoers/user_list.rs
expression: stderr
---
ghost is not in the sudoers file.
